2021-04-19 16:46:20,642:Server.py:ERROR:Can't Connect
2021-04-19 16:46:24,513:Server.py:ERROR:Can't Connect
2021-04-19 16:52:58,604:Client.py:ERROR:Error!
2021-04-19 17:01:31,701:Client.py:ERROR:Error!
2021-04-20 17:29:51,542:Client.py:ERROR:Error!
2021-04-21 01:12:47,591:Server.py:ERROR:Error:Unable to fetch data.
2021-04-21 01:17:11,722:Server.py:ERROR:Error:Unable to fetch data.
2021-04-21 01:17:18,569:Server.py:ERROR:Error:Unable to fetch data.
2021-04-21 01:28:27,625:Server.py:ERROR:Error:Unable to fetch data.
2021-04-21 01:28:32,943:Server.py:ERROR:Error:Unable to fetch data.
2021-04-21 02:05:38,125:Client.py:ERROR:Error!
2021-04-21 02:07:20,138:Server.py:ERROR:Error:Unable to fetch data.
